------------------------------------------------------------
TimeQuest Timing Analyzer Summary
------------------------------------------------------------

Type  : Slow 1200mV 85C Model Setup 'CLOCK_50'
Slack : -139.525
TNS   : -4428253.982

Type  : Slow 1200mV 85C Model Hold 'CLOCK_50'
Slack : 0.878
TNS   : 0.000

Type  : Slow 1200mV 85C Model Minimum Pulse Width 'CLOCK_50'
Slack : -3.000
TNS   : -43436.492

Type  : Slow 1200mV 0C Model Setup 'CLOCK_50'
Slack : -126.570
TNS   : -4009923.448

Type  : Slow 1200mV 0C Model Hold 'CLOCK_50'
Slack : 0.803
TNS   : 0.000

Type  : Slow 1200mV 0C Model Minimum Pulse Width 'CLOCK_50'
Slack : -3.000
TNS   : -43436.316

Type  : Fast 1200mV 0C Model Setup 'CLOCK_50'
Slack : -69.316
TNS   : -2190373.830

Type  : Fast 1200mV 0C Model Hold 'CLOCK_50'
Slack : 0.393
TNS   : 0.000

Type  : Fast 1200mV 0C Model Minimum Pulse Width 'CLOCK_50'
Slack : -3.000
TNS   : -36406.167

------------------------------------------------------------
