Analysis & Synthesis report for Processador_GUI_MIPS
Tue Apr 07 20:19:54 2026
Quartus Prime Version 17.1.0 Build 590 10/25/2017 SJ Lite Edition


---------------------
; Table of Contents ;
---------------------
  1. Legal Notice
  2. Analysis & Synthesis Summary
  3. Analysis & Synthesis Settings
  4. Parallel Compilation
  5. Analysis & Synthesis Source Files Read
  6. Analysis & Synthesis Resource Usage Summary
  7. Analysis & Synthesis Resource Utilization by Entity
  8. Analysis & Synthesis DSP Block Usage Summary
  9. Registers Removed During Synthesis
 10. General Register Statistics
 11. Multiplexer Restructuring Statistics (Restructuring Performed)
 12. Parameter Settings for User Entity Instance: single_port_rom:ROM
 13. Parameter Settings for User Entity Instance: sign_extend:SE
 14. Parameter Settings for User Entity Instance: regfile64:RF
 15. Parameter Settings for User Entity Instance: data_ram:DRAM
 16. Parameter Settings for Inferred Entity Instance: alu:ALU|lpm_mult:Mult0
 17. Parameter Settings for Inferred Entity Instance: alu:ALU|lpm_divide:Div0
 18. lpm_mult Parameter Settings by Entity Instance
 19. Port Connectivity Checks: "data_ram:DRAM"
 20. Post-Synthesis Netlist Statistics for Top Partition
 21. Elapsed Time Per Partition
 22. Analysis & Synthesis Messages



----------------
; Legal Notice ;
----------------
Copyright (C) 2017  Intel Corporation. All rights reserved.
Your use of Intel Corporation's design tools, logic functions 
and other software and tools, and its AMPP partner logic 
functions, and any output files from any of the foregoing 
(including device programming or simulation files), and any 
associated documentation or information are expressly subject 
to the terms and conditions of the Intel Program License 
Subscription Agreement, the Intel Quartus Prime License Agreement,
the Intel FPGA IP License Agreement, or other applicable license
agreement, including, without limitation, that your use is for
the sole purpose of programming logic devices manufactured by
Intel and sold by Intel or its authorized distributors.  Please
refer to the applicable agreement for further details.



+----------------------------------------------------------------------------------+
; Analysis & Synthesis Summary                                                     ;
+------------------------------------+---------------------------------------------+
; Analysis & Synthesis Status        ; Successful - Tue Apr 07 20:19:54 2026       ;
; Quartus Prime Version              ; 17.1.0 Build 590 10/25/2017 SJ Lite Edition ;
; Revision Name                      ; Processador_GUI_MIPS                        ;
; Top-level Entity Name              ; Processador_GUI_MIPS                        ;
; Family                             ; Cyclone IV E                                ;
; Total logic elements               ; 62,810                                      ;
;     Total combinational functions  ; 28,100                                      ;
;     Dedicated logic registers      ; 34,816                                      ;
; Total registers                    ; 34816                                       ;
; Total pins                         ; 83                                          ;
; Total virtual pins                 ; 0                                           ;
; Total memory bits                  ; 0                                           ;
; Embedded Multiplier 9-bit elements ; 6                                           ;
; Total PLLs                         ; 0                                           ;
+------------------------------------+---------------------------------------------+


+--------------------------------------------------------------------------------------------------------------------------+
; Analysis & Synthesis Settings                                                                                            ;
+----------------------------------------------------------------------------+----------------------+----------------------+
; Option                                                                     ; Setting              ; Default Value        ;
+----------------------------------------------------------------------------+----------------------+----------------------+
; Device                                                                     ; EP4CE115F29C7        ;                      ;
; Top-level entity name                                                      ; Processador_GUI_MIPS ; Processador_GUI_MIPS ;
; Family name                                                                ; Cyclone IV E         ; Cyclone V            ;
; Use smart compilation                                                      ; Off                  ; Off                  ;
; Enable parallel Assembler and TimeQuest Timing Analyzer during compilation ; On                   ; On                   ;
; Enable compact report table                                                ; Off                  ; Off                  ;
; Restructure Multiplexers                                                   ; Auto                 ; Auto                 ;
; Create Debugging Nodes for IP Cores                                        ; Off                  ; Off                  ;
; Preserve fewer node names                                                  ; On                   ; On                   ;
; Intel FPGA IP Evaluation Mode                                              ; Enable               ; Enable               ;
; Verilog Version                                                            ; Verilog_2001         ; Verilog_2001         ;
; VHDL Version                                                               ; VHDL_1993            ; VHDL_1993            ;
; State Machine Processing                                                   ; Auto                 ; Auto                 ;
; Safe State Machine                                                         ; Off                  ; Off                  ;
; Extract Verilog State Machines                                             ; On                   ; On                   ;
; Extract VHDL State Machines                                                ; On                   ; On                   ;
; Ignore Verilog initial constructs                                          ; Off                  ; Off                  ;
; Iteration limit for constant Verilog loops                                 ; 5000                 ; 5000                 ;
; Iteration limit for non-constant Verilog loops                             ; 250                  ; 250                  ;
; Add Pass-Through Logic to Inferred RAMs                                    ; On                   ; On                   ;
; Infer RAMs from Raw Logic                                                  ; On                   ; On                   ;
; Parallel Synthesis                                                         ; On                   ; On                   ;
; DSP Block Balancing                                                        ; Auto                 ; Auto                 ;
; NOT Gate Push-Back                                                         ; On                   ; On                   ;
; Power-Up Don't Care                                                        ; On                   ; On                   ;
; Remove Redundant Logic Cells                                               ; Off                  ; Off                  ;
; Remove Duplicate Registers                                                 ; On                   ; On                   ;
; Ignore CARRY Buffers                                                       ; Off                  ; Off                  ;
; Ignore CASCADE Buffers                                                     ; Off                  ; Off                  ;
; Ignore GLOBAL Buffers                                                      ; Off                  ; Off                  ;
; Ignore ROW GLOBAL Buffers                                                  ; Off                  ; Off                  ;
; Ignore LCELL Buffers                                                       ; Off                  ; Off                  ;
; Ignore SOFT Buffers                                                        ; On                   ; On                   ;
; Limit AHDL Integers to 32 Bits                                             ; Off                  ; Off                  ;
; Optimization Technique                                                     ; Balanced             ; Balanced             ;
; Carry Chain Length                                                         ; 70                   ; 70                   ;
; Auto Carry Chains                                                          ; On                   ; On                   ;
; Auto Open-Drain Pins                                                       ; On                   ; On                   ;
; Perform WYSIWYG Primitive Resynthesis                                      ; Off                  ; Off                  ;
; Auto ROM Replacement                                                       ; On                   ; On                   ;
; Auto RAM Replacement                                                       ; On                   ; On                   ;
; Auto DSP Block Replacement                                                 ; On                   ; On                   ;
; Auto Shift Register Replacement                                            ; Auto                 ; Auto                 ;
; Allow Shift Register Merging across Hierarchies                            ; Auto                 ; Auto                 ;
; Auto Clock Enable Replacement                                              ; On                   ; On                   ;
; Strict RAM Replacement                                                     ; Off                  ; Off                  ;
; Allow Synchronous Control Signals                                          ; On                   ; On                   ;
; Force Use of Synchronous Clear Signals                                     ; Off                  ; Off                  ;
; Auto RAM Block Balancing                                                   ; On                   ; On                   ;
; Auto RAM to Logic Cell Conversion                                          ; Off                  ; Off                  ;
; Auto Resource Sharing                                                      ; Off                  ; Off                  ;
; Allow Any RAM Size For Recognition                                         ; Off                  ; Off                  ;
; Allow Any ROM Size For Recognition                                         ; Off                  ; Off                  ;
; Allow Any Shift Register Size For Recognition                              ; Off                  ; Off                  ;
; Use LogicLock Constraints during Resource Balancing                        ; On                   ; On                   ;
; Ignore translate_off and synthesis_off directives                          ; Off                  ; Off                  ;
; Timing-Driven Synthesis                                                    ; On                   ; On                   ;
; Report Parameter Settings                                                  ; On                   ; On                   ;
; Report Source Assignments                                                  ; On                   ; On                   ;
; Report Connectivity Checks                                                 ; On                   ; On                   ;
; Ignore Maximum Fan-Out Assignments                                         ; Off                  ; Off                  ;
; Synchronization Register Chain Length                                      ; 2                    ; 2                    ;
; Power Optimization During Synthesis                                        ; Normal compilation   ; Normal compilation   ;
; HDL message level                                                          ; Level2               ; Level2               ;
; Suppress Register Optimization Related Messages                            ; Off                  ; Off                  ;
; Number of Removed Registers Reported in Synthesis Report                   ; 5000                 ; 5000                 ;
; Number of Swept Nodes Reported in Synthesis Report                         ; 5000                 ; 5000                 ;
; Number of Inverted Registers Reported in Synthesis Report                  ; 100                  ; 100                  ;
; Clock MUX Protection                                                       ; On                   ; On                   ;
; Auto Gated Clock Conversion                                                ; Off                  ; Off                  ;
; Block Design Naming                                                        ; Auto                 ; Auto                 ;
; SDC constraint protection                                                  ; Off                  ; Off                  ;
; Synthesis Effort                                                           ; Auto                 ; Auto                 ;
; Shift Register Replacement - Allow Asynchronous Clear Signal               ; On                   ; On                   ;
; Pre-Mapping Resynthesis Optimization                                       ; Off                  ; Off                  ;
; Analysis & Synthesis Message Level                                         ; Medium               ; Medium               ;
; Disable Register Merging Across Hierarchies                                ; Auto                 ; Auto                 ;
; Resource Aware Inference For Block RAM                                     ; On                   ; On                   ;
+----------------------------------------------------------------------------+----------------------+----------------------+


+------------------------------------------+
; Parallel Compilation                     ;
+----------------------------+-------------+
; Processors                 ; Number      ;
+----------------------------+-------------+
; Number detected on machine ; 16          ;
; Maximum allowed            ; 16          ;
;                            ;             ;
; Average used               ; 1.01        ;
; Maximum used               ; 16          ;
;                            ;             ;
; Usage by Processor         ; % Time Used ;
;     Processor 1            ; 100.0%      ;
;     Processor 2            ;   0.1%      ;
;     Processor 3            ;   0.1%      ;
;     Processor 4            ;   0.1%      ;
;     Processor 5            ;   0.1%      ;
;     Processor 6            ;   0.1%      ;
;     Processor 7            ;   0.1%      ;
;     Processor 8            ;   0.1%      ;
;     Processors 9-16        ;   0.1%      ;
+----------------------------+-------------+


+-----------------------------------------------------------------------------------------------------------------------------------------------------------------------------------------------------------+
; Analysis & Synthesis Source Files Read                                                                                                                                                                    ;
+----------------------------------+-----------------+------------------------------+-------------------------------------------------------------------------------------------------------------+---------+
; File Name with User-Entered Path ; Used in Netlist ; File Type                    ; File Name with Absolute Path                                                                                ; Library ;
+----------------------------------+-----------------+------------------------------+-------------------------------------------------------------------------------------------------------------+---------+
; hex7seg.v                        ; yes             ; User Verilog HDL File        ; C:/Users/Guilherme Ferreira/Desktop/Projeto Labs/processador/processadorMipsLite/hex7seg.v                  ;         ;
; single_port_rom.v                ; yes             ; User Verilog HDL File        ; C:/Users/Guilherme Ferreira/Desktop/Projeto Labs/processador/processadorMipsLite/single_port_rom.v          ;         ;
; Processador_GUI_MIPS.v           ; yes             ; User Verilog HDL File        ; C:/Users/Guilherme Ferreira/Desktop/Projeto Labs/processador/processadorMipsLite/Processador_GUI_MIPS.v     ;         ;
; regfile64.v                      ; yes             ; User Verilog HDL File        ; C:/Users/Guilherme Ferreira/Desktop/Projeto Labs/processador/processadorMipsLite/regfile64.v                ;         ;
; data_ram.v                       ; yes             ; User Verilog HDL File        ; C:/Users/Guilherme Ferreira/Desktop/Projeto Labs/processador/processadorMipsLite/data_ram.v                 ;         ;
; sign_extend.v                    ; yes             ; User Verilog HDL File        ; C:/Users/Guilherme Ferreira/Desktop/Projeto Labs/processador/processadorMipsLite/sign_extend.v              ;         ;
; alu.v                            ; yes             ; User Verilog HDL File        ; C:/Users/Guilherme Ferreira/Desktop/Projeto Labs/processador/processadorMipsLite/alu.v                      ;         ;
; control_unit.v                   ; yes             ; User Verilog HDL File        ; C:/Users/Guilherme Ferreira/Desktop/Projeto Labs/processador/processadorMipsLite/control_unit.v             ;         ;
; lpm_mult.tdf                     ; yes             ; Megafunction                 ; c:/intelfpga_lite/17.1/quartus/libraries/megafunctions/lpm_mult.tdf                                         ;         ;
; aglobal171.inc                   ; yes             ; Megafunction                 ; c:/intelfpga_lite/17.1/quartus/libraries/megafunctions/aglobal171.inc                                       ;         ;
; lpm_add_sub.inc                  ; yes             ; Megafunction                 ; c:/intelfpga_lite/17.1/quartus/libraries/megafunctions/lpm_add_sub.inc                                      ;         ;
; multcore.inc                     ; yes             ; Megafunction                 ; c:/intelfpga_lite/17.1/quartus/libraries/megafunctions/multcore.inc                                         ;         ;
; bypassff.inc                     ; yes             ; Megafunction                 ; c:/intelfpga_lite/17.1/quartus/libraries/megafunctions/bypassff.inc                                         ;         ;
; altshift.inc                     ; yes             ; Megafunction                 ; c:/intelfpga_lite/17.1/quartus/libraries/megafunctions/altshift.inc                                         ;         ;
; db/mult_7dt.tdf                  ; yes             ; Auto-Generated Megafunction  ; C:/Users/Guilherme Ferreira/Desktop/Projeto Labs/processador/processadorMipsLite/db/mult_7dt.tdf            ;         ;
; lpm_divide.tdf                   ; yes             ; Megafunction                 ; c:/intelfpga_lite/17.1/quartus/libraries/megafunctions/lpm_divide.tdf                                       ;         ;
; abs_divider.inc                  ; yes             ; Megafunction                 ; c:/intelfpga_lite/17.1/quartus/libraries/megafunctions/abs_divider.inc                                      ;         ;
; sign_div_unsign.inc              ; yes             ; Megafunction                 ; c:/intelfpga_lite/17.1/quartus/libraries/megafunctions/sign_div_unsign.inc                                  ;         ;
; db/lpm_divide_hkm.tdf            ; yes             ; Auto-Generated Megafunction  ; C:/Users/Guilherme Ferreira/Desktop/Projeto Labs/processador/processadorMipsLite/db/lpm_divide_hkm.tdf      ;         ;
; db/sign_div_unsign_9nh.tdf       ; yes             ; Auto-Generated Megafunction  ; C:/Users/Guilherme Ferreira/Desktop/Projeto Labs/processador/processadorMipsLite/db/sign_div_unsign_9nh.tdf ;         ;
; db/alt_u_div_6af.tdf             ; yes             ; Auto-Generated Megafunction  ; C:/Users/Guilherme Ferreira/Desktop/Projeto Labs/processador/processadorMipsLite/db/alt_u_div_6af.tdf       ;         ;
; db/add_sub_7pc.tdf               ; yes             ; Auto-Generated Megafunction  ; C:/Users/Guilherme Ferreira/Desktop/Projeto Labs/processador/processadorMipsLite/db/add_sub_7pc.tdf         ;         ;
; db/add_sub_8pc.tdf               ; yes             ; Auto-Generated Megafunction  ; C:/Users/Guilherme Ferreira/Desktop/Projeto Labs/processador/processadorMipsLite/db/add_sub_8pc.tdf         ;         ;
+----------------------------------+-----------------+------------------------------+-------------------------------------------------------------------------------------------------------------+---------+


+--------------------------------------------------------------+
; Analysis & Synthesis Resource Usage Summary                  ;
+---------------------------------------------+----------------+
; Resource                                    ; Usage          ;
+---------------------------------------------+----------------+
; Estimated Total logic elements              ; 62,810         ;
;                                             ;                ;
; Total combinational functions               ; 28100          ;
; Logic element usage by number of LUT inputs ;                ;
;     -- 4 input functions                    ; 26233          ;
;     -- 3 input functions                    ; 1730           ;
;     -- <=2 input functions                  ; 137            ;
;                                             ;                ;
; Logic elements by mode                      ;                ;
;     -- normal mode                          ; 27424          ;
;     -- arithmetic mode                      ; 676            ;
;                                             ;                ;
; Total registers                             ; 34816          ;
;     -- Dedicated logic registers            ; 34816          ;
;     -- I/O registers                        ; 0              ;
;                                             ;                ;
; I/O pins                                    ; 83             ;
;                                             ;                ;
; Embedded Multiplier 9-bit elements          ; 6              ;
;                                             ;                ;
; Maximum fan-out node                        ; CLOCK_50~input ;
; Maximum fan-out                             ; 34816          ;
; Total fan-out                               ; 215073         ;
; Average fan-out                             ; 3.41           ;
+---------------------------------------------+----------------+


+------------------------------------------------------------------------------------------------------------------------------------------------------------------------------------------------------------------------------------------------------------------------------------------------------------------------------------------------------------------+
; Analysis & Synthesis Resource Utilization by Entity                                                                                                                                                                                                                                                                                                              ;
+-------------------------------------------+---------------------+---------------------------+-------------+--------------+---------+-----------+------+--------------+-----------------------------------------------------------------------------------------------------------------------------------------------------+----------------------+--------------+
; Compilation Hierarchy Node                ; Combinational ALUTs ; Dedicated Logic Registers ; Memory Bits ; DSP Elements ; DSP 9x9 ; DSP 18x18 ; Pins ; Virtual Pins ; Full Hierarchy Name                                                                                                                                 ; Entity Name          ; Library Name ;
+-------------------------------------------+---------------------+---------------------------+-------------+--------------+---------+-----------+------+--------------+-----------------------------------------------------------------------------------------------------------------------------------------------------+----------------------+--------------+
; |Processador_GUI_MIPS                     ; 28100 (22034)       ; 34816 (32)                ; 0           ; 6            ; 0       ; 3         ; 83   ; 0            ; |Processador_GUI_MIPS                                                                                                                               ; Processador_GUI_MIPS ; work         ;
;    |alu:ALU|                              ; 1800 (705)          ; 0 (0)                     ; 0           ; 6            ; 0       ; 3         ; 0    ; 0            ; |Processador_GUI_MIPS|alu:ALU                                                                                                                       ; alu                  ; work         ;
;       |lpm_divide:Div0|                   ; 1067 (0)            ; 0 (0)                     ; 0           ; 0            ; 0       ; 0         ; 0    ; 0            ; |Processador_GUI_MIPS|alu:ALU|lpm_divide:Div0                                                                                                       ; lpm_divide           ; work         ;
;          |lpm_divide_hkm:auto_generated|  ; 1067 (0)            ; 0 (0)                     ; 0           ; 0            ; 0       ; 0         ; 0    ; 0            ; |Processador_GUI_MIPS|alu:ALU|lpm_divide:Div0|lpm_divide_hkm:auto_generated                                                                         ; lpm_divide_hkm       ; work         ;
;             |sign_div_unsign_9nh:divider| ; 1067 (0)            ; 0 (0)                     ; 0           ; 0            ; 0       ; 0         ; 0    ; 0            ; |Processador_GUI_MIPS|alu:ALU|lpm_divide:Div0|lpm_divide_hkm:auto_generated|sign_div_unsign_9nh:divider                                             ; sign_div_unsign_9nh  ; work         ;
;                |alt_u_div_6af:divider|    ; 1067 (1066)         ; 0 (0)                     ; 0           ; 0            ; 0       ; 0         ; 0    ; 0            ; |Processador_GUI_MIPS|alu:ALU|lpm_divide:Div0|lpm_divide_hkm:auto_generated|sign_div_unsign_9nh:divider|alt_u_div_6af:divider                       ; alt_u_div_6af        ; work         ;
;                   |add_sub_8pc:add_sub_1| ; 1 (1)               ; 0 (0)                     ; 0           ; 0            ; 0       ; 0         ; 0    ; 0            ; |Processador_GUI_MIPS|alu:ALU|lpm_divide:Div0|lpm_divide_hkm:auto_generated|sign_div_unsign_9nh:divider|alt_u_div_6af:divider|add_sub_8pc:add_sub_1 ; add_sub_8pc          ; work         ;
;       |lpm_mult:Mult0|                    ; 28 (0)              ; 0 (0)                     ; 0           ; 6            ; 0       ; 3         ; 0    ; 0            ; |Processador_GUI_MIPS|alu:ALU|lpm_mult:Mult0                                                                                                        ; lpm_mult             ; work         ;
;          |mult_7dt:auto_generated|        ; 28 (28)             ; 0 (0)                     ; 0           ; 6            ; 0       ; 3         ; 0    ; 0            ; |Processador_GUI_MIPS|alu:ALU|lpm_mult:Mult0|mult_7dt:auto_generated                                                                                ; mult_7dt             ; work         ;
;    |control_unit:CU|                      ; 22 (22)             ; 0 (0)                     ; 0           ; 0            ; 0       ; 0         ; 0    ; 0            ; |Processador_GUI_MIPS|control_unit:CU                                                                                                               ; control_unit         ; work         ;
;    |data_ram:DRAM|                        ; 1090 (1090)         ; 32768 (32768)             ; 0           ; 0            ; 0       ; 0         ; 0    ; 0            ; |Processador_GUI_MIPS|data_ram:DRAM                                                                                                                 ; data_ram             ; work         ;
;    |hex7seg:h0|                           ; 7 (7)               ; 0 (0)                     ; 0           ; 0            ; 0       ; 0         ; 0    ; 0            ; |Processador_GUI_MIPS|hex7seg:h0                                                                                                                    ; hex7seg              ; work         ;
;    |hex7seg:h1|                           ; 7 (7)               ; 0 (0)                     ; 0           ; 0            ; 0       ; 0         ; 0    ; 0            ; |Processador_GUI_MIPS|hex7seg:h1                                                                                                                    ; hex7seg              ; work         ;
;    |hex7seg:h2|                           ; 7 (7)               ; 0 (0)                     ; 0           ; 0            ; 0       ; 0         ; 0    ; 0            ; |Processador_GUI_MIPS|hex7seg:h2                                                                                                                    ; hex7seg              ; work         ;
;    |hex7seg:h3|                           ; 7 (7)               ; 0 (0)                     ; 0           ; 0            ; 0       ; 0         ; 0    ; 0            ; |Processador_GUI_MIPS|hex7seg:h3                                                                                                                    ; hex7seg              ; work         ;
;    |hex7seg:h4|                           ; 7 (7)               ; 0 (0)                     ; 0           ; 0            ; 0       ; 0         ; 0    ; 0            ; |Processador_GUI_MIPS|hex7seg:h4                                                                                                                    ; hex7seg              ; work         ;
;    |hex7seg:h5|                           ; 7 (7)               ; 0 (0)                     ; 0           ; 0            ; 0       ; 0         ; 0    ; 0            ; |Processador_GUI_MIPS|hex7seg:h5                                                                                                                    ; hex7seg              ; work         ;
;    |regfile64:RF|                         ; 2916 (2916)         ; 2016 (2016)               ; 0           ; 0            ; 0       ; 0         ; 0    ; 0            ; |Processador_GUI_MIPS|regfile64:RF                                                                                                                  ; regfile64            ; work         ;
;    |single_port_rom:ROM|                  ; 196 (196)           ; 0 (0)                     ; 0           ; 0            ; 0       ; 0         ; 0    ; 0            ; |Processador_GUI_MIPS|single_port_rom:ROM                                                                                                           ; single_port_rom      ; work         ;
+-------------------------------------------+---------------------+---------------------------+-------------+--------------+---------+-----------+------+--------------+-----------------------------------------------------------------------------------------------------------------------------------------------------+----------------------+--------------+
Note: For table entries with two numbers listed, the numbers in parentheses indicate the number of resources of the given type used by the specific entity alone. The numbers listed outside of parentheses indicate the total resources of the given type used by the specific entity and all of its sub-entities in the hierarchy.


+-----------------------------------------------------+
; Analysis & Synthesis DSP Block Usage Summary        ;
+---------------------------------------+-------------+
; Statistic                             ; Number Used ;
+---------------------------------------+-------------+
; Simple Multipliers (9-bit)            ; 0           ;
; Simple Multipliers (18-bit)           ; 3           ;
; Embedded Multiplier Blocks            ; --          ;
; Embedded Multiplier 9-bit elements    ; 6           ;
; Signed Embedded Multipliers           ; 0           ;
; Unsigned Embedded Multipliers         ; 3           ;
; Mixed Sign Embedded Multipliers       ; 0           ;
; Variable Sign Embedded Multipliers    ; 0           ;
; Dedicated Input Shift Register Chains ; 0           ;
+---------------------------------------+-------------+
Note: number of Embedded Multiplier Blocks used is only available after a successful fit.


+---------------------------------------------------------------------------------+
; Registers Removed During Synthesis                                              ;
+----------------------------------------+----------------------------------------+
; Register name                          ; Reason for Removal                     ;
+----------------------------------------+----------------------------------------+
; regfile64:RF|rf[0][0]                  ; Stuck at GND due to stuck port data_in ;
; regfile64:RF|rf[0][1]                  ; Stuck at GND due to stuck port data_in ;
; regfile64:RF|rf[0][2]                  ; Stuck at GND due to stuck port data_in ;
; regfile64:RF|rf[0][3]                  ; Stuck at GND due to stuck port data_in ;
; regfile64:RF|rf[0][4]                  ; Stuck at GND due to stuck port data_in ;
; regfile64:RF|rf[0][5]                  ; Stuck at GND due to stuck port data_in ;
; regfile64:RF|rf[0][6]                  ; Stuck at GND due to stuck port data_in ;
; regfile64:RF|rf[0][7]                  ; Stuck at GND due to stuck port data_in ;
; regfile64:RF|rf[0][8]                  ; Stuck at GND due to stuck port data_in ;
; regfile64:RF|rf[0][9]                  ; Stuck at GND due to stuck port data_in ;
; regfile64:RF|rf[0][10]                 ; Stuck at GND due to stuck port data_in ;
; regfile64:RF|rf[0][11]                 ; Stuck at GND due to stuck port data_in ;
; regfile64:RF|rf[0][12]                 ; Stuck at GND due to stuck port data_in ;
; regfile64:RF|rf[0][13]                 ; Stuck at GND due to stuck port data_in ;
; regfile64:RF|rf[0][14]                 ; Stuck at GND due to stuck port data_in ;
; regfile64:RF|rf[0][15]                 ; Stuck at GND due to stuck port data_in ;
; regfile64:RF|rf[0][16]                 ; Stuck at GND due to stuck port data_in ;
; regfile64:RF|rf[0][17]                 ; Stuck at GND due to stuck port data_in ;
; regfile64:RF|rf[0][18]                 ; Stuck at GND due to stuck port data_in ;
; regfile64:RF|rf[0][19]                 ; Stuck at GND due to stuck port data_in ;
; regfile64:RF|rf[0][20]                 ; Stuck at GND due to stuck port data_in ;
; regfile64:RF|rf[0][21]                 ; Stuck at GND due to stuck port data_in ;
; regfile64:RF|rf[0][22]                 ; Stuck at GND due to stuck port data_in ;
; regfile64:RF|rf[0][23]                 ; Stuck at GND due to stuck port data_in ;
; regfile64:RF|rf[0][24]                 ; Stuck at GND due to stuck port data_in ;
; regfile64:RF|rf[0][25]                 ; Stuck at GND due to stuck port data_in ;
; regfile64:RF|rf[0][26]                 ; Stuck at GND due to stuck port data_in ;
; regfile64:RF|rf[0][27]                 ; Stuck at GND due to stuck port data_in ;
; regfile64:RF|rf[0][28]                 ; Stuck at GND due to stuck port data_in ;
; regfile64:RF|rf[0][29]                 ; Stuck at GND due to stuck port data_in ;
; regfile64:RF|rf[0][30]                 ; Stuck at GND due to stuck port data_in ;
; regfile64:RF|rf[0][31]                 ; Stuck at GND due to stuck port data_in ;
; Total Number of Removed Registers = 32 ;                                        ;
+----------------------------------------+----------------------------------------+


+------------------------------------------------------+
; General Register Statistics                          ;
+----------------------------------------------+-------+
; Statistic                                    ; Value ;
+----------------------------------------------+-------+
; Total registers                              ; 34816 ;
; Number of registers using Synchronous Clear  ; 32    ;
; Number of registers using Synchronous Load   ; 6     ;
; Number of registers using Asynchronous Clear ; 0     ;
; Number of registers using Asynchronous Load  ; 0     ;
; Number of registers using Clock Enable       ; 34816 ;
; Number of registers using Preset             ; 0     ;
+----------------------------------------------+-------+


+-------------------------------------------------------------------------------------------------------------------------------------------------------------+
; Multiplexer Restructuring Statistics (Restructuring Performed)                                                                                              ;
+--------------------+-----------+---------------+----------------------+------------------------+------------+-----------------------------------------------+
; Multiplexer Inputs ; Bus Width ; Baseline Area ; Area if Restructured ; Saving if Restructured ; Registered ; Example Multiplexer Output                    ;
+--------------------+-----------+---------------+----------------------+------------------------+------------+-----------------------------------------------+
; 3:1                ; 32 bits   ; 64 LEs        ; 32 LEs               ; 32 LEs                 ; Yes        ; |Processador_GUI_MIPS|regfile64:RF|rf[32][21] ;
; 3:1                ; 32 bits   ; 64 LEs        ; 32 LEs               ; 32 LEs                 ; Yes        ; |Processador_GUI_MIPS|regfile64:RF|rf[16][31] ;
; 3:1                ; 32 bits   ; 64 LEs        ; 32 LEs               ; 32 LEs                 ; Yes        ; |Processador_GUI_MIPS|regfile64:RF|rf[48][6]  ;
; 3:1                ; 32 bits   ; 64 LEs        ; 32 LEs               ; 32 LEs                 ; Yes        ; |Processador_GUI_MIPS|regfile64:RF|rf[8][17]  ;
; 3:1                ; 32 bits   ; 64 LEs        ; 32 LEs               ; 32 LEs                 ; Yes        ; |Processador_GUI_MIPS|regfile64:RF|rf[40][17] ;
; 3:1                ; 32 bits   ; 64 LEs        ; 32 LEs               ; 32 LEs                 ; Yes        ; |Processador_GUI_MIPS|regfile64:RF|rf[24][10] ;
; 3:1                ; 32 bits   ; 64 LEs        ; 32 LEs               ; 32 LEs                 ; Yes        ; |Processador_GUI_MIPS|regfile64:RF|rf[56][28] ;
; 3:1                ; 32 bits   ; 64 LEs        ; 32 LEs               ; 32 LEs                 ; Yes        ; |Processador_GUI_MIPS|regfile64:RF|rf[4][5]   ;
; 3:1                ; 32 bits   ; 64 LEs        ; 32 LEs               ; 32 LEs                 ; Yes        ; |Processador_GUI_MIPS|regfile64:RF|rf[36][2]  ;
; 3:1                ; 32 bits   ; 64 LEs        ; 32 LEs               ; 32 LEs                 ; Yes        ; |Processador_GUI_MIPS|regfile64:RF|rf[20][27] ;
; 3:1                ; 32 bits   ; 64 LEs        ; 32 LEs               ; 32 LEs                 ; Yes        ; |Processador_GUI_MIPS|regfile64:RF|rf[52][18] ;
; 3:1                ; 32 bits   ; 64 LEs        ; 32 LEs               ; 32 LEs                 ; Yes        ; |Processador_GUI_MIPS|regfile64:RF|rf[12][2]  ;
; 3:1                ; 32 bits   ; 64 LEs        ; 32 LEs               ; 32 LEs                 ; Yes        ; |Processador_GUI_MIPS|regfile64:RF|rf[44][3]  ;
; 3:1                ; 32 bits   ; 64 LEs        ; 32 LEs               ; 32 LEs                 ; Yes        ; |Processador_GUI_MIPS|regfile64:RF|rf[28][10] ;
; 3:1                ; 32 bits   ; 64 LEs        ; 32 LEs               ; 32 LEs                 ; Yes        ; |Processador_GUI_MIPS|regfile64:RF|rf[60][28] ;
; 3:1                ; 32 bits   ; 64 LEs        ; 32 LEs               ; 32 LEs                 ; Yes        ; |Processador_GUI_MIPS|regfile64:RF|rf[2][24]  ;
; 3:1                ; 32 bits   ; 64 LEs        ; 32 LEs               ; 32 LEs                 ; Yes        ; |Processador_GUI_MIPS|regfile64:RF|rf[34][14] ;
; 3:1                ; 32 bits   ; 64 LEs        ; 32 LEs               ; 32 LEs                 ; Yes        ; |Processador_GUI_MIPS|regfile64:RF|rf[18][28] ;
; 3:1                ; 32 bits   ; 64 LEs        ; 32 LEs               ; 32 LEs                 ; Yes        ; |Processador_GUI_MIPS|regfile64:RF|rf[50][1]  ;
; 3:1                ; 32 bits   ; 64 LEs        ; 32 LEs               ; 32 LEs                 ; Yes        ; |Processador_GUI_MIPS|regfile64:RF|rf[10][19] ;
; 3:1                ; 32 bits   ; 64 LEs        ; 32 LEs               ; 32 LEs                 ; Yes        ; |Processador_GUI_MIPS|regfile64:RF|rf[42][26] ;
; 3:1                ; 32 bits   ; 64 LEs        ; 32 LEs               ; 32 LEs                 ; Yes        ; |Processador_GUI_MIPS|regfile64:RF|rf[26][10] ;
; 3:1                ; 32 bits   ; 64 LEs        ; 32 LEs               ; 32 LEs                 ; Yes        ; |Processador_GUI_MIPS|regfile64:RF|rf[58][4]  ;
; 3:1                ; 32 bits   ; 64 LEs        ; 32 LEs               ; 32 LEs                 ; Yes        ; |Processador_GUI_MIPS|regfile64:RF|rf[6][23]  ;
; 3:1                ; 32 bits   ; 64 LEs        ; 32 LEs               ; 32 LEs                 ; Yes        ; |Processador_GUI_MIPS|regfile64:RF|rf[38][19] ;
; 3:1                ; 32 bits   ; 64 LEs        ; 32 LEs               ; 32 LEs                 ; Yes        ; |Processador_GUI_MIPS|regfile64:RF|rf[22][0]  ;
; 3:1                ; 32 bits   ; 64 LEs        ; 32 LEs               ; 32 LEs                 ; Yes        ; |Processador_GUI_MIPS|regfile64:RF|rf[54][21] ;
; 3:1                ; 32 bits   ; 64 LEs        ; 32 LEs               ; 32 LEs                 ; Yes        ; |Processador_GUI_MIPS|regfile64:RF|rf[14][16] ;
; 3:1                ; 32 bits   ; 64 LEs        ; 32 LEs               ; 32 LEs                 ; Yes        ; |Processador_GUI_MIPS|regfile64:RF|rf[46][12] ;
; 3:1                ; 32 bits   ; 64 LEs        ; 32 LEs               ; 32 LEs                 ; Yes        ; |Processador_GUI_MIPS|regfile64:RF|rf[30][26] ;
; 3:1                ; 32 bits   ; 64 LEs        ; 32 LEs               ; 32 LEs                 ; Yes        ; |Processador_GUI_MIPS|regfile64:RF|rf[62][30] ;
; 3:1                ; 32 bits   ; 64 LEs        ; 32 LEs               ; 32 LEs                 ; Yes        ; |Processador_GUI_MIPS|regfile64:RF|rf[1][16]  ;
; 3:1                ; 32 bits   ; 64 LEs        ; 32 LEs               ; 32 LEs                 ; Yes        ; |Processador_GUI_MIPS|regfile64:RF|rf[33][11] ;
; 3:1                ; 32 bits   ; 64 LEs        ; 32 LEs               ; 32 LEs                 ; Yes        ; |Processador_GUI_MIPS|regfile64:RF|rf[17][20] ;
; 3:1                ; 32 bits   ; 64 LEs        ; 32 LEs               ; 32 LEs                 ; Yes        ; |Processador_GUI_MIPS|regfile64:RF|rf[49][14] ;
; 3:1                ; 32 bits   ; 64 LEs        ; 32 LEs               ; 32 LEs                 ; Yes        ; |Processador_GUI_MIPS|regfile64:RF|rf[9][0]   ;
; 3:1                ; 32 bits   ; 64 LEs        ; 32 LEs               ; 32 LEs                 ; Yes        ; |Processador_GUI_MIPS|regfile64:RF|rf[41][0]  ;
; 3:1                ; 32 bits   ; 64 LEs        ; 32 LEs               ; 32 LEs                 ; Yes        ; |Processador_GUI_MIPS|regfile64:RF|rf[25][9]  ;
; 3:1                ; 32 bits   ; 64 LEs        ; 32 LEs               ; 32 LEs                 ; Yes        ; |Processador_GUI_MIPS|regfile64:RF|rf[57][22] ;
; 3:1                ; 32 bits   ; 64 LEs        ; 32 LEs               ; 32 LEs                 ; Yes        ; |Processador_GUI_MIPS|regfile64:RF|rf[5][8]   ;
; 3:1                ; 32 bits   ; 64 LEs        ; 32 LEs               ; 32 LEs                 ; Yes        ; |Processador_GUI_MIPS|regfile64:RF|rf[37][20] ;
; 3:1                ; 32 bits   ; 64 LEs        ; 32 LEs               ; 32 LEs                 ; Yes        ; |Processador_GUI_MIPS|regfile64:RF|rf[21][6]  ;
; 3:1                ; 32 bits   ; 64 LEs        ; 32 LEs               ; 32 LEs                 ; Yes        ; |Processador_GUI_MIPS|regfile64:RF|rf[53][28] ;
; 3:1                ; 32 bits   ; 64 LEs        ; 32 LEs               ; 32 LEs                 ; Yes        ; |Processador_GUI_MIPS|regfile64:RF|rf[13][13] ;
; 3:1                ; 32 bits   ; 64 LEs        ; 32 LEs               ; 32 LEs                 ; Yes        ; |Processador_GUI_MIPS|regfile64:RF|rf[45][15] ;
; 3:1                ; 32 bits   ; 64 LEs        ; 32 LEs               ; 32 LEs                 ; Yes        ; |Processador_GUI_MIPS|regfile64:RF|rf[29][7]  ;
; 3:1                ; 32 bits   ; 64 LEs        ; 32 LEs               ; 32 LEs                 ; Yes        ; |Processador_GUI_MIPS|regfile64:RF|rf[61][16] ;
; 3:1                ; 32 bits   ; 64 LEs        ; 32 LEs               ; 32 LEs                 ; Yes        ; |Processador_GUI_MIPS|regfile64:RF|rf[3][2]   ;
; 3:1                ; 32 bits   ; 64 LEs        ; 32 LEs               ; 32 LEs                 ; Yes        ; |Processador_GUI_MIPS|regfile64:RF|rf[35][29] ;
; 3:1                ; 32 bits   ; 64 LEs        ; 32 LEs               ; 32 LEs                 ; Yes        ; |Processador_GUI_MIPS|regfile64:RF|rf[19][14] ;
; 3:1                ; 32 bits   ; 64 LEs        ; 32 LEs               ; 32 LEs                 ; Yes        ; |Processador_GUI_MIPS|regfile64:RF|rf[51][26] ;
; 3:1                ; 32 bits   ; 64 LEs        ; 32 LEs               ; 32 LEs                 ; Yes        ; |Processador_GUI_MIPS|regfile64:RF|rf[11][9]  ;
; 3:1                ; 32 bits   ; 64 LEs        ; 32 LEs               ; 32 LEs                 ; Yes        ; |Processador_GUI_MIPS|regfile64:RF|rf[43][4]  ;
; 3:1                ; 32 bits   ; 64 LEs        ; 32 LEs               ; 32 LEs                 ; Yes        ; |Processador_GUI_MIPS|regfile64:RF|rf[27][14] ;
; 3:1                ; 32 bits   ; 64 LEs        ; 32 LEs               ; 32 LEs                 ; Yes        ; |Processador_GUI_MIPS|regfile64:RF|rf[59][19] ;
; 3:1                ; 32 bits   ; 64 LEs        ; 32 LEs               ; 32 LEs                 ; Yes        ; |Processador_GUI_MIPS|regfile64:RF|rf[7][7]   ;
; 3:1                ; 32 bits   ; 64 LEs        ; 32 LEs               ; 32 LEs                 ; Yes        ; |Processador_GUI_MIPS|regfile64:RF|rf[39][22] ;
; 3:1                ; 32 bits   ; 64 LEs        ; 32 LEs               ; 32 LEs                 ; Yes        ; |Processador_GUI_MIPS|regfile64:RF|rf[23][30] ;
; 3:1                ; 32 bits   ; 64 LEs        ; 32 LEs               ; 32 LEs                 ; Yes        ; |Processador_GUI_MIPS|regfile64:RF|rf[55][12] ;
; 3:1                ; 32 bits   ; 64 LEs        ; 32 LEs               ; 32 LEs                 ; Yes        ; |Processador_GUI_MIPS|regfile64:RF|rf[15][27] ;
; 3:1                ; 32 bits   ; 64 LEs        ; 32 LEs               ; 32 LEs                 ; Yes        ; |Processador_GUI_MIPS|regfile64:RF|rf[47][10] ;
; 3:1                ; 32 bits   ; 64 LEs        ; 32 LEs               ; 32 LEs                 ; Yes        ; |Processador_GUI_MIPS|regfile64:RF|rf[31][17] ;
; 3:1                ; 32 bits   ; 64 LEs        ; 32 LEs               ; 32 LEs                 ; Yes        ; |Processador_GUI_MIPS|regfile64:RF|rf[63][7]  ;
; 6:1                ; 6 bits    ; 24 LEs        ; 12 LEs               ; 12 LEs                 ; Yes        ; |Processador_GUI_MIPS|pc[29]                  ;
; 6:1                ; 26 bits   ; 104 LEs       ; 78 LEs               ; 26 LEs                 ; Yes        ; |Processador_GUI_MIPS|pc[15]                  ;
; 3:1                ; 6 bits    ; 12 LEs        ; 12 LEs               ; 0 LEs                  ; No         ; |Processador_GUI_MIPS|writeReg[2]             ;
; 65:1               ; 32 bits   ; 1376 LEs      ; 1344 LEs             ; 32 LEs                 ; No         ; |Processador_GUI_MIPS|regfile64:RF|rd2[0]     ;
; 65:1               ; 32 bits   ; 1376 LEs      ; 1344 LEs             ; 32 LEs                 ; No         ; |Processador_GUI_MIPS|regfile64:RF|rd1[20]    ;
; 1026:1             ; 32 bits   ; 21888 LEs     ; 21888 LEs            ; 0 LEs                  ; No         ; |Processador_GUI_MIPS|rf_wd[24]               ;
; 18:1               ; 8 bits    ; 96 LEs        ; 80 LEs               ; 16 LEs                 ; No         ; |Processador_GUI_MIPS|alu:ALU|Mux22           ;
; 18:1               ; 8 bits    ; 96 LEs        ; 80 LEs               ; 16 LEs                 ; No         ; |Processador_GUI_MIPS|alu:ALU|Mux10           ;
; 19:1               ; 4 bits    ; 48 LEs        ; 40 LEs               ; 8 LEs                  ; No         ; |Processador_GUI_MIPS|alu:ALU|Mux24           ;
; 19:1               ; 4 bits    ; 48 LEs        ; 40 LEs               ; 8 LEs                  ; No         ; |Processador_GUI_MIPS|alu:ALU|Mux6            ;
; 20:1               ; 2 bits    ; 26 LEs        ; 16 LEs               ; 10 LEs                 ; No         ; |Processador_GUI_MIPS|alu:ALU|Mux28           ;
; 20:1               ; 2 bits    ; 26 LEs        ; 20 LEs               ; 6 LEs                  ; No         ; |Processador_GUI_MIPS|alu:ALU|Mux3            ;
; 21:1               ; 2 bits    ; 28 LEs        ; 20 LEs               ; 8 LEs                  ; No         ; |Processador_GUI_MIPS|alu:ALU|Mux1            ;
+--------------------+-----------+---------------+----------------------+------------------------+------------+-----------------------------------------------+


+------------------------------------------------------------------+
; Parameter Settings for User Entity Instance: single_port_rom:ROM ;
+----------------+---------+---------------------------------------+
; Parameter Name ; Value   ; Type                                  ;
+----------------+---------+---------------------------------------+
; ADDR_W         ; 10      ; Signed Integer                        ;
; DATA_W         ; 32      ; Signed Integer                        ;
; FILENAME       ; gcd.txt ; String                                ;
+----------------+---------+---------------------------------------+
Note: In order to hide this table in the UI and the text report file, please set the "Show Parameter Settings in Synthesis Report" option in "Analysis and Synthesis Settings -> More Settings" to "Off".


+-------------------------------------------------------------+
; Parameter Settings for User Entity Instance: sign_extend:SE ;
+----------------+-------+------------------------------------+
; Parameter Name ; Value ; Type                               ;
+----------------+-------+------------------------------------+
; IN_W           ; 14    ; Signed Integer                     ;
+----------------+-------+------------------------------------+
Note: In order to hide this table in the UI and the text report file, please set the "Show Parameter Settings in Synthesis Report" option in "Analysis and Synthesis Settings -> More Settings" to "Off".


+-----------------------------------------------------------+
; Parameter Settings for User Entity Instance: regfile64:RF ;
+----------------+-------+----------------------------------+
; Parameter Name ; Value ; Type                             ;
+----------------+-------+----------------------------------+
; DATA_W         ; 32    ; Signed Integer                   ;
; ADDR_W         ; 6     ; Signed Integer                   ;
+----------------+-------+----------------------------------+
Note: In order to hide this table in the UI and the text report file, please set the "Show Parameter Settings in Synthesis Report" option in "Analysis and Synthesis Settings -> More Settings" to "Off".


+------------------------------------------------------------+
; Parameter Settings for User Entity Instance: data_ram:DRAM ;
+----------------+-------+-----------------------------------+
; Parameter Name ; Value ; Type                              ;
+----------------+-------+-----------------------------------+
; DATA_W         ; 32    ; Signed Integer                    ;
; ADDR_W         ; 10    ; Signed Integer                    ;
+----------------+-------+-----------------------------------+
Note: In order to hide this table in the UI and the text report file, please set the "Show Parameter Settings in Synthesis Report" option in "Analysis and Synthesis Settings -> More Settings" to "Off".


+-------------------------------------------------------------------------------------+
; Parameter Settings for Inferred Entity Instance: alu:ALU|lpm_mult:Mult0             ;
+------------------------------------------------+--------------+---------------------+
; Parameter Name                                 ; Value        ; Type                ;
+------------------------------------------------+--------------+---------------------+
; AUTO_CARRY_CHAINS                              ; ON           ; AUTO_CARRY          ;
; IGNORE_CARRY_BUFFERS                           ; OFF          ; IGNORE_CARRY        ;
; AUTO_CASCADE_CHAINS                            ; ON           ; AUTO_CASCADE        ;
; IGNORE_CASCADE_BUFFERS                         ; OFF          ; IGNORE_CASCADE      ;
; LPM_WIDTHA                                     ; 32           ; Untyped             ;
; LPM_WIDTHB                                     ; 32           ; Untyped             ;
; LPM_WIDTHP                                     ; 64           ; Untyped             ;
; LPM_WIDTHR                                     ; 64           ; Untyped             ;
; LPM_WIDTHS                                     ; 1            ; Untyped             ;
; LPM_REPRESENTATION                             ; UNSIGNED     ; Untyped             ;
; LPM_PIPELINE                                   ; 0            ; Untyped             ;
; LATENCY                                        ; 0            ; Untyped             ;
; INPUT_A_IS_CONSTANT                            ; NO           ; Untyped             ;
; INPUT_B_IS_CONSTANT                            ; NO           ; Untyped             ;
; USE_EAB                                        ; OFF          ; Untyped             ;
; MAXIMIZE_SPEED                                 ; 5            ; Untyped             ;
; DEVICE_FAMILY                                  ; Cyclone IV E ; Untyped             ;
; CARRY_CHAIN                                    ; MANUAL       ; Untyped             ;
; APEX20K_TECHNOLOGY_MAPPER                      ; LUT          ; TECH_MAPPER_APEX20K ;
; DEDICATED_MULTIPLIER_CIRCUITRY                 ; AUTO         ; Untyped             ;
; DEDICATED_MULTIPLIER_MIN_INPUT_WIDTH_FOR_AUTO  ; 0            ; Untyped             ;
; DEDICATED_MULTIPLIER_MIN_OUTPUT_WIDTH_FOR_AUTO ; 0            ; Untyped             ;
; CBXI_PARAMETER                                 ; mult_7dt     ; Untyped             ;
; INPUT_A_FIXED_VALUE                            ; Bx           ; Untyped             ;
; INPUT_B_FIXED_VALUE                            ; Bx           ; Untyped             ;
; USE_AHDL_IMPLEMENTATION                        ; OFF          ; Untyped             ;
+------------------------------------------------+--------------+---------------------+
Note: In order to hide this table in the UI and the text report file, please set the "Show Parameter Settings in Synthesis Report" option in "Analysis and Synthesis Settings -> More Settings" to "Off".


+--------------------------------------------------------------------------+
; Parameter Settings for Inferred Entity Instance: alu:ALU|lpm_divide:Div0 ;
+------------------------+----------------+--------------------------------+
; Parameter Name         ; Value          ; Type                           ;
+------------------------+----------------+--------------------------------+
; LPM_WIDTHN             ; 32             ; Untyped                        ;
; LPM_WIDTHD             ; 32             ; Untyped                        ;
; LPM_NREPRESENTATION    ; UNSIGNED       ; Untyped                        ;
; LPM_DREPRESENTATION    ; UNSIGNED       ; Untyped                        ;
; LPM_PIPELINE           ; 0              ; Untyped                        ;
; LPM_REMAINDERPOSITIVE  ; TRUE           ; Untyped                        ;
; MAXIMIZE_SPEED         ; 5              ; Untyped                        ;
; CBXI_PARAMETER         ; lpm_divide_hkm ; Untyped                        ;
; CARRY_CHAIN            ; MANUAL         ; Untyped                        ;
; OPTIMIZE_FOR_SPEED     ; 5              ; Untyped                        ;
; AUTO_CARRY_CHAINS      ; ON             ; AUTO_CARRY                     ;
; IGNORE_CARRY_BUFFERS   ; OFF            ; IGNORE_CARRY                   ;
; AUTO_CASCADE_CHAINS    ; ON             ; AUTO_CASCADE                   ;
; IGNORE_CASCADE_BUFFERS ; OFF            ; IGNORE_CASCADE                 ;
+------------------------+----------------+--------------------------------+
Note: In order to hide this table in the UI and the text report file, please set the "Show Parameter Settings in Synthesis Report" option in "Analysis and Synthesis Settings -> More Settings" to "Off".


+----------------------------------------------------------------+
; lpm_mult Parameter Settings by Entity Instance                 ;
+---------------------------------------+------------------------+
; Name                                  ; Value                  ;
+---------------------------------------+------------------------+
; Number of entity instances            ; 1                      ;
; Entity Instance                       ; alu:ALU|lpm_mult:Mult0 ;
;     -- LPM_WIDTHA                     ; 32                     ;
;     -- LPM_WIDTHB                     ; 32                     ;
;     -- LPM_WIDTHP                     ; 64                     ;
;     -- LPM_REPRESENTATION             ; UNSIGNED               ;
;     -- INPUT_A_IS_CONSTANT            ; NO                     ;
;     -- INPUT_B_IS_CONSTANT            ; NO                     ;
;     -- USE_EAB                        ; OFF                    ;
;     -- DEDICATED_MULTIPLIER_CIRCUITRY ; AUTO                   ;
;     -- INPUT_A_FIXED_VALUE            ; Bx                     ;
;     -- INPUT_B_FIXED_VALUE            ; Bx                     ;
+---------------------------------------+------------------------+


+-------------------------------------------+
; Port Connectivity Checks: "data_ram:DRAM" ;
+---------+-------+----------+--------------+
; Port    ; Type  ; Severity ; Details      ;
+---------+-------+----------+--------------+
; addr_b  ; Input ; Info     ; Stuck at GND ;
; wdata_b ; Input ; Info     ; Stuck at GND ;
; we_b    ; Input ; Info     ; Stuck at GND ;
+---------+-------+----------+--------------+


+-----------------------------------------------------+
; Post-Synthesis Netlist Statistics for Top Partition ;
+-----------------------+-----------------------------+
; Type                  ; Count                       ;
+-----------------------+-----------------------------+
; boundary_port         ; 83                          ;
; cycloneiii_ff         ; 34816                       ;
;     ENA               ; 34784                       ;
;     ENA SCLR          ; 26                          ;
;     ENA SCLR SLD      ; 6                           ;
; cycloneiii_lcell_comb ; 28106                       ;
;     arith             ; 676                         ;
;         2 data inputs ; 32                          ;
;         3 data inputs ; 644                         ;
;     normal            ; 27430                       ;
;         0 data inputs ; 30                          ;
;         1 data inputs ; 7                           ;
;         2 data inputs ; 74                          ;
;         3 data inputs ; 1086                        ;
;         4 data inputs ; 26233                       ;
; cycloneiii_mac_mult   ; 3                           ;
; cycloneiii_mac_out    ; 3                           ;
;                       ;                             ;
; Max LUT depth         ; 149.50                      ;
; Average LUT depth     ; 69.50                       ;
+-----------------------+-----------------------------+


+-------------------------------+
; Elapsed Time Per Partition    ;
+----------------+--------------+
; Partition Name ; Elapsed Time ;
+----------------+--------------+
; Top            ; 00:02:28     ;
+----------------+--------------+


+-------------------------------+
; Analysis & Synthesis Messages ;
+-------------------------------+
Info: *******************************************************************
Info: Running Quartus Prime Analysis & Synthesis
    Info: Version 17.1.0 Build 590 10/25/2017 SJ Lite Edition
    Info: Processing started: Tue Apr 07 20:17:12 2026
Info: Command: quartus_map --read_settings_files=on --write_settings_files=off Processador_GUI_MIPS -c Processador_GUI_MIPS
Warning (18236): Number of processors has not been specified which may cause overloading on shared machines.  Set the global assignment NUM_PARALLEL_PROCESSORS in your QSF to an appropriate value for best performance.
Info (20030): Parallel compilation is enabled and will use 16 of the 16 processors detected
Info (12021): Found 1 design units, including 1 entities, in source file divisor_freq.v
    Info (12023): Found entity 1: divisor_Freq File: C:/Users/Guilherme Ferreira/Desktop/Projeto Labs/processador/processadorMipsLite/divisor_freq.v Line: 1
Info (12021): Found 1 design units, including 1 entities, in source file debounce.v
    Info (12023): Found entity 1: Debounce File: C:/Users/Guilherme Ferreira/Desktop/Projeto Labs/processador/processadorMipsLite/debounce.v Line: 1
Info (12021): Found 1 design units, including 1 entities, in source file hex7seg.v
    Info (12023): Found entity 1: hex7seg File: C:/Users/Guilherme Ferreira/Desktop/Projeto Labs/processador/processadorMipsLite/hex7seg.v Line: 2
Info (12021): Found 1 design units, including 1 entities, in source file dataoutput.v
    Info (12023): Found entity 1: DataOutput File: C:/Users/Guilherme Ferreira/Desktop/Projeto Labs/processador/processadorMipsLite/DataOutput.v Line: 1
Info (12021): Found 1 design units, including 1 entities, in source file single_port_rom.v
    Info (12023): Found entity 1: single_port_rom File: C:/Users/Guilherme Ferreira/Desktop/Projeto Labs/processador/processadorMipsLite/single_port_rom.v Line: 1
Info (12021): Found 1 design units, including 1 entities, in source file processador_gui_mips.v
    Info (12023): Found entity 1: Processador_GUI_MIPS File: C:/Users/Guilherme Ferreira/Desktop/Projeto Labs/processador/processadorMipsLite/Processador_GUI_MIPS.v Line: 6
Info (12021): Found 1 design units, including 1 entities, in source file regfile64.v
    Info (12023): Found entity 1: regfile64 File: C:/Users/Guilherme Ferreira/Desktop/Projeto Labs/processador/processadorMipsLite/regfile64.v Line: 1
Info (12021): Found 1 design units, including 1 entities, in source file data_ram.v
    Info (12023): Found entity 1: data_ram File: C:/Users/Guilherme Ferreira/Desktop/Projeto Labs/processador/processadorMipsLite/data_ram.v Line: 1
Info (12021): Found 1 design units, including 1 entities, in source file sign_extend.v
    Info (12023): Found entity 1: sign_extend File: C:/Users/Guilherme Ferreira/Desktop/Projeto Labs/processador/processadorMipsLite/sign_extend.v Line: 1
Info (12021): Found 1 design units, including 1 entities, in source file adder32.v
    Info (12023): Found entity 1: adder32 File: C:/Users/Guilherme Ferreira/Desktop/Projeto Labs/processador/processadorMipsLite/adder32.v Line: 1
Info (12021): Found 1 design units, including 1 entities, in source file alu.v
    Info (12023): Found entity 1: alu File: C:/Users/Guilherme Ferreira/Desktop/Projeto Labs/processador/processadorMipsLite/alu.v Line: 2
Info (12021): Found 1 design units, including 1 entities, in source file control_unit.v
    Info (12023): Found entity 1: control_unit File: C:/Users/Guilherme Ferreira/Desktop/Projeto Labs/processador/processadorMipsLite/control_unit.v Line: 2
Info (12021): Found 1 design units, including 1 entities, in source file mux2.v
    Info (12023): Found entity 1: mux2 File: C:/Users/Guilherme Ferreira/Desktop/Projeto Labs/processador/processadorMipsLite/mux2.v Line: 1
Info (12021): Found 1 design units, including 1 entities, in source file tb_control_loadstore.v
    Info (12023): Found entity 1: tb_control_loadstore File: C:/Users/Guilherme Ferreira/Desktop/Projeto Labs/processador/processadorMipsLite/tb_control_loadstore.v Line: 2
Info (12127): Elaborating entity "Processador_GUI_MIPS" for the top level hierarchy
Warning (10036): Verilog HDL or VHDL warning at Processador_GUI_MIPS.v(40): object "shamt" assigned a value but never read File: C:/Users/Guilherme Ferreira/Desktop/Projeto Labs/processador/processadorMipsLite/Processador_GUI_MIPS.v Line: 40
Info (12128): Elaborating entity "single_port_rom" for hierarchy "single_port_rom:ROM" File: C:/Users/Guilherme Ferreira/Desktop/Projeto Labs/processador/processadorMipsLite/Processador_GUI_MIPS.v Line: 31
Warning (10850): Verilog HDL warning at single_port_rom.v(12): number of words (78) in memory file does not match the number of elements in the address range [0:1023] File: C:/Users/Guilherme Ferreira/Desktop/Projeto Labs/processador/processadorMipsLite/single_port_rom.v Line: 12
Warning (10030): Net "rom.data_a" at single_port_rom.v(10) has no driver or initial value, using a default initial value '0' File: C:/Users/Guilherme Ferreira/Desktop/Projeto Labs/processador/processadorMipsLite/single_port_rom.v Line: 10
Warning (10030): Net "rom.waddr_a" at single_port_rom.v(10) has no driver or initial value, using a default initial value '0' File: C:/Users/Guilherme Ferreira/Desktop/Projeto Labs/processador/processadorMipsLite/single_port_rom.v Line: 10
Warning (10030): Net "rom.we_a" at single_port_rom.v(10) has no driver or initial value, using a default initial value '0' File: C:/Users/Guilherme Ferreira/Desktop/Projeto Labs/processador/processadorMipsLite/single_port_rom.v Line: 10
Info (12128): Elaborating entity "control_unit" for hierarchy "control_unit:CU" File: C:/Users/Guilherme Ferreira/Desktop/Projeto Labs/processador/processadorMipsLite/Processador_GUI_MIPS.v Line: 54
Warning (10270): Verilog HDL Case Statement warning at control_unit.v(23): incomplete case statement has no default case item File: C:/Users/Guilherme Ferreira/Desktop/Projeto Labs/processador/processadorMipsLite/control_unit.v Line: 23
Info (12128): Elaborating entity "sign_extend" for hierarchy "sign_extend:SE" File: C:/Users/Guilherme Ferreira/Desktop/Projeto Labs/processador/processadorMipsLite/Processador_GUI_MIPS.v Line: 59
Info (12128): Elaborating entity "regfile64" for hierarchy "regfile64:RF" File: C:/Users/Guilherme Ferreira/Desktop/Projeto Labs/processador/processadorMipsLite/Processador_GUI_MIPS.v Line: 77
Info (12128): Elaborating entity "alu" for hierarchy "alu:ALU" File: C:/Users/Guilherme Ferreira/Desktop/Projeto Labs/processador/processadorMipsLite/Processador_GUI_MIPS.v Line: 83
Info (12128): Elaborating entity "data_ram" for hierarchy "data_ram:DRAM" File: C:/Users/Guilherme Ferreira/Desktop/Projeto Labs/processador/processadorMipsLite/Processador_GUI_MIPS.v Line: 94
Info (12128): Elaborating entity "hex7seg" for hierarchy "hex7seg:h0" File: C:/Users/Guilherme Ferreira/Desktop/Projeto Labs/processador/processadorMipsLite/Processador_GUI_MIPS.v Line: 122
Warning (127007): Memory Initialization File or Hexadecimal (Intel-Format) File "C:/Users/Guilherme Ferreira/Desktop/Projeto Labs/processador/processadorMipsLite/db/Processador_GUI_MIPS.ram0_single_port_rom_8cb1eed8.hdl.mif" contains "don't care" values -- overwriting them with 0s
Info (278001): Inferred 2 megafunctions from design logic
    Info (278003): Inferred multiplier megafunction ("lpm_mult") from the following logic: "alu:ALU|Mult0" File: C:/Users/Guilherme Ferreira/Desktop/Projeto Labs/processador/processadorMipsLite/alu.v Line: 19
    Info (278004): Inferred divider/modulo megafunction ("lpm_divide") from the following logic: "alu:ALU|Div0" File: C:/Users/Guilherme Ferreira/Desktop/Projeto Labs/processador/processadorMipsLite/alu.v Line: 20
Info (12130): Elaborated megafunction instantiation "alu:ALU|lpm_mult:Mult0" File: C:/Users/Guilherme Ferreira/Desktop/Projeto Labs/processador/processadorMipsLite/alu.v Line: 19
Info (12133): Instantiated megafunction "alu:ALU|lpm_mult:Mult0" with the following parameter: File: C:/Users/Guilherme Ferreira/Desktop/Projeto Labs/processador/processadorMipsLite/alu.v Line: 19
    Info (12134): Parameter "LPM_WIDTHA" = "32"
    Info (12134): Parameter "LPM_WIDTHB" = "32"
    Info (12134): Parameter "LPM_WIDTHP" = "64"
    Info (12134): Parameter "LPM_WIDTHR" = "64"
    Info (12134): Parameter "LPM_WIDTHS" = "1"
    Info (12134): Parameter "LPM_REPRESENTATION" = "UNSIGNED"
    Info (12134): Parameter "INPUT_A_IS_CONSTANT" = "NO"
    Info (12134): Parameter "INPUT_B_IS_CONSTANT" = "NO"
    Info (12134): Parameter "MAXIMIZE_SPEED" = "5"
Info (12021): Found 1 design units, including 1 entities, in source file db/mult_7dt.tdf
    Info (12023): Found entity 1: mult_7dt File: C:/Users/Guilherme Ferreira/Desktop/Projeto Labs/processador/processadorMipsLite/db/mult_7dt.tdf Line: 30
Info (12130): Elaborated megafunction instantiation "alu:ALU|lpm_divide:Div0" File: C:/Users/Guilherme Ferreira/Desktop/Projeto Labs/processador/processadorMipsLite/alu.v Line: 20
Info (12133): Instantiated megafunction "alu:ALU|lpm_divide:Div0" with the following parameter: File: C:/Users/Guilherme Ferreira/Desktop/Projeto Labs/processador/processadorMipsLite/alu.v Line: 20
    Info (12134): Parameter "LPM_WIDTHN" = "32"
    Info (12134): Parameter "LPM_WIDTHD" = "32"
    Info (12134): Parameter "LPM_NREPRESENTATION" = "UNSIGNED"
    Info (12134): Parameter "LPM_DREPRESENTATION" = "UNSIGNED"
Info (12021): Found 1 design units, including 1 entities, in source file db/lpm_divide_hkm.tdf
    Info (12023): Found entity 1: lpm_divide_hkm File: C:/Users/Guilherme Ferreira/Desktop/Projeto Labs/processador/processadorMipsLite/db/lpm_divide_hkm.tdf Line: 24
Info (12021): Found 1 design units, including 1 entities, in source file db/sign_div_unsign_9nh.tdf
    Info (12023): Found entity 1: sign_div_unsign_9nh File: C:/Users/Guilherme Ferreira/Desktop/Projeto Labs/processador/processadorMipsLite/db/sign_div_unsign_9nh.tdf Line: 24
Info (12021): Found 1 design units, including 1 entities, in source file db/alt_u_div_6af.tdf
    Info (12023): Found entity 1: alt_u_div_6af File: C:/Users/Guilherme Ferreira/Desktop/Projeto Labs/processador/processadorMipsLite/db/alt_u_div_6af.tdf Line: 26
Info (12021): Found 1 design units, including 1 entities, in source file db/add_sub_7pc.tdf
    Info (12023): Found entity 1: add_sub_7pc File: C:/Users/Guilherme Ferreira/Desktop/Projeto Labs/processador/processadorMipsLite/db/add_sub_7pc.tdf Line: 22
Info (12021): Found 1 design units, including 1 entities, in source file db/add_sub_8pc.tdf
    Info (12023): Found entity 1: add_sub_8pc File: C:/Users/Guilherme Ferreira/Desktop/Projeto Labs/processador/processadorMipsLite/db/add_sub_8pc.tdf Line: 22
Warning (14284): Synthesized away the following node(s):
    Warning (14285): Synthesized away the following DSP element node(s):
        Warning (14320): Synthesized away node "alu:ALU|lpm_mult:Mult0|mult_7dt:auto_generated|mac_mult7" File: C:/Users/Guilherme Ferreira/Desktop/Projeto Labs/processador/processadorMipsLite/db/mult_7dt.tdf Line: 66
        Warning (14320): Synthesized away node "alu:ALU|lpm_mult:Mult0|mult_7dt:auto_generated|mac_out8" File: C:/Users/Guilherme Ferreira/Desktop/Projeto Labs/processador/processadorMipsLite/db/mult_7dt.tdf Line: 90
Info (13014): Ignored 84 buffer(s)
    Info (13019): Ignored 84 SOFT buffer(s)
Info (286030): Timing-Driven Synthesis is running
Info (16010): Generating hard_block partition "hard_block:auto_generated_inst"
    Info (16011): Adding 0 node(s), including 0 DDIO, 0 PLL, 0 transceiver and 0 LCELL
Warning (21074): Design contains 21 input pin(s) that do not drive logic
    Warning (15610): No output dependent on input pin "SW[0]" File: C:/Users/Guilherme Ferreira/Desktop/Projeto Labs/processador/processadorMipsLite/Processador_GUI_MIPS.v Line: 8
    Warning (15610): No output dependent on input pin "SW[1]" File: C:/Users/Guilherme Ferreira/Desktop/Projeto Labs/processador/processadorMipsLite/Processador_GUI_MIPS.v Line: 8
    Warning (15610): No output dependent on input pin "SW[2]" File: C:/Users/Guilherme Ferreira/Desktop/Projeto Labs/processador/processadorMipsLite/Processador_GUI_MIPS.v Line: 8
    Warning (15610): No output dependent on input pin "SW[3]" File: C:/Users/Guilherme Ferreira/Desktop/Projeto Labs/processador/processadorMipsLite/Processador_GUI_MIPS.v Line: 8
    Warning (15610): No output dependent on input pin "SW[4]" File: C:/Users/Guilherme Ferreira/Desktop/Projeto Labs/processador/processadorMipsLite/Processador_GUI_MIPS.v Line: 8
    Warning (15610): No output dependent on input pin "SW[5]" File: C:/Users/Guilherme Ferreira/Desktop/Projeto Labs/processador/processadorMipsLite/Processador_GUI_MIPS.v Line: 8
    Warning (15610): No output dependent on input pin "SW[6]" File: C:/Users/Guilherme Ferreira/Desktop/Projeto Labs/processador/processadorMipsLite/Processador_GUI_MIPS.v Line: 8
    Warning (15610): No output dependent on input pin "SW[7]" File: C:/Users/Guilherme Ferreira/Desktop/Projeto Labs/processador/processadorMipsLite/Processador_GUI_MIPS.v Line: 8
    Warning (15610): No output dependent on input pin "SW[8]" File: C:/Users/Guilherme Ferreira/Desktop/Projeto Labs/processador/processadorMipsLite/Processador_GUI_MIPS.v Line: 8
    Warning (15610): No output dependent on input pin "SW[9]" File: C:/Users/Guilherme Ferreira/Desktop/Projeto Labs/processador/processadorMipsLite/Processador_GUI_MIPS.v Line: 8
    Warning (15610): No output dependent on input pin "SW[10]" File: C:/Users/Guilherme Ferreira/Desktop/Projeto Labs/processador/processadorMipsLite/Processador_GUI_MIPS.v Line: 8
    Warning (15610): No output dependent on input pin "SW[11]" File: C:/Users/Guilherme Ferreira/Desktop/Projeto Labs/processador/processadorMipsLite/Processador_GUI_MIPS.v Line: 8
    Warning (15610): No output dependent on input pin "SW[12]" File: C:/Users/Guilherme Ferreira/Desktop/Projeto Labs/processador/processadorMipsLite/Processador_GUI_MIPS.v Line: 8
    Warning (15610): No output dependent on input pin "SW[13]" File: C:/Users/Guilherme Ferreira/Desktop/Projeto Labs/processador/processadorMipsLite/Processador_GUI_MIPS.v Line: 8
    Warning (15610): No output dependent on input pin "SW[14]" File: C:/Users/Guilherme Ferreira/Desktop/Projeto Labs/processador/processadorMipsLite/Processador_GUI_MIPS.v Line: 8
    Warning (15610): No output dependent on input pin "SW[15]" File: C:/Users/Guilherme Ferreira/Desktop/Projeto Labs/processador/processadorMipsLite/Processador_GUI_MIPS.v Line: 8
    Warning (15610): No output dependent on input pin "SW[16]" File: C:/Users/Guilherme Ferreira/Desktop/Projeto Labs/processador/processadorMipsLite/Processador_GUI_MIPS.v Line: 8
    Warning (15610): No output dependent on input pin "SW[17]" File: C:/Users/Guilherme Ferreira/Desktop/Projeto Labs/processador/processadorMipsLite/Processador_GUI_MIPS.v Line: 8
    Warning (15610): No output dependent on input pin "KEY[1]" File: C:/Users/Guilherme Ferreira/Desktop/Projeto Labs/processador/processadorMipsLite/Processador_GUI_MIPS.v Line: 9
    Warning (15610): No output dependent on input pin "KEY[2]" File: C:/Users/Guilherme Ferreira/Desktop/Projeto Labs/processador/processadorMipsLite/Processador_GUI_MIPS.v Line: 9
    Warning (15610): No output dependent on input pin "KEY[3]" File: C:/Users/Guilherme Ferreira/Desktop/Projeto Labs/processador/processadorMipsLite/Processador_GUI_MIPS.v Line: 9
Info (21057): Implemented 62963 device resources after synthesis - the final resource count might be different
    Info (21058): Implemented 23 input pins
    Info (21059): Implemented 60 output pins
    Info (21061): Implemented 62874 logic cells
    Info (21062): Implemented 6 DSP elements
Info: Quartus Prime Analysis & Synthesis was successful. 0 errors, 34 warnings
    Info: Peak virtual memory: 5225 megabytes
    Info: Processing ended: Tue Apr 07 20:19:54 2026
    Info: Elapsed time: 00:02:42
    Info: Total CPU time (on all processors): 00:02:49


